#
# There is insufficient memory for the Java Runtime Environment to continue.
# Native memory allocation (malloc) failed to allocate 1903640 bytes. Error detail: Chunk::new
# Possible reasons:
#   The system is out of physical RAM or swap space
#   This process is running with CompressedOops enabled, and the Java Heap may be blocking the growth of the native heap
# Possible solutions:
#   Reduce memory load on the system
#   Increase physical memory or swap space
#   Check if swap backing store is full
#   Decrease Java heap size (-Xmx/-Xms)
#   Decrease number of Java threads
#   Decrease Java thread stack sizes (-Xss)
#   Set larger code cache with -XX:ReservedCodeCacheSize=
#   JVM is running with Unscaled Compressed Oops mode in which the Java heap is
#     placed in the first 4GB address space. The Java Heap base address is the
#     maximum limit for the native heap growth. Please use -XX:HeapBaseMinAddress
#     to set the Java Heap base and to place the Java Heap above 4GB virtual address.
# This output file may be truncated or incomplete.
#
#  Out of Memory Error (arena.cpp:186), pid=6804, tid=13216
#
# JRE version: Java(TM) SE Runtime Environment (25.0.2+10) (build 25.0.2+10-LTS-69)
# Java VM: Java HotSpot(TM) 64-Bit Server VM (25.0.2+10-LTS-69, mixed mode, sharing, tiered, compressed oops, compressed class ptrs, g1 gc, windows-amd64)
# No core dump will be written. Minidumps are not enabled by default on client versions of Windows
#

---------------  S U M M A R Y ------------

Command Line: C:\Users\Admin\AppData\Local\Temp\surefire2400974857413806833\surefirebooter-20260501213837049_3.jar C:\Users\Admin\AppData\Local\Temp\surefire2400974857413806833 2026-05-01T21-38-32_530-jvmRun1 surefire-20260501213837049_1tmp surefire_0-20260501213837049_2tmp

Host: Intel(R) Core(TM) i3-4005U CPU @ 1.70GHz, 4 cores, 3G,  Windows 10 , 64 bit Build 19041 (10.0.19041.5915)
Time: Fri May  1 21:41:19 2026 SE Asia Standard Time elapsed time: 156.420022 seconds (0d 0h 2m 36s)

---------------  T H R E A D  ---------------

Current thread (0x000001c4bbb95b20):  JavaThread "C2 CompilerThread0" daemon [_thread_in_native, id=13216, stack(0x000000192f300000,0x000000192f400000) (1024K)]


Current CompileTask:
C2:156421 3320       4       java.util.Properties::loadConvert (540 bytes)

Stack: [0x000000192f300000,0x000000192f400000]
Native frames: (J=compiled Java code, j=interpreted, Vv=VM code, C=native code)
V  [jvm.dll+0x7a70f9]  (no source info available)
V  [jvm.dll+0x772d6d]  (no source info available)
V  [jvm.dll+0x965d53]  (no source info available)
V  [jvm.dll+0x968351]  (no source info available)
V  [jvm.dll+0x968a63]  (no source info available)
V  [jvm.dll+0x2fc846]  (no source info available)
V  [jvm.dll+0x111b16]  (no source info available)
V  [jvm.dll+0x111e3e]  (no source info available)
V  [jvm.dll+0x1a0872]  (no source info available)
V  [jvm.dll+0x3b54c2]  (no source info available)
V  [jvm.dll+0x7aca8f]  (no source info available)
V  [jvm.dll+0x2c0b97]  (no source info available)
V  [jvm.dll+0x2bfb5f]  (no source info available)
V  [jvm.dll+0x2379a0]  (no source info available)
V  [jvm.dll+0x2cfc86]  (no source info available)
V  [jvm.dll+0x2cdf05]  (no source info available)
V  [jvm.dll+0x48e9d1]  (no source info available)
V  [jvm.dll+0x906fcd]  (no source info available)
V  [jvm.dll+0x7a56d5]  (no source info available)
C  [ucrtbase.dll+0x21bb2]  (no source info available)
C  [KERNEL32.DLL+0x17374]  (no source info available)
C  [ntdll.dll+0x4cc91]  (no source info available)

Lock stack of current Java thread (top to bottom):


---------------  P R O C E S S  ---------------

Threads class SMR info:
_java_thread_list=0x000001c4bbc4d980, length=20, elements={
0x000001c49e8dfe70, 0x000001c4bbb8cba0, 0x000001c4bbb8d8b0, 0x000001c4bbb8f8d0,
0x000001c4bbb914a0, 0x000001c4bbb92060, 0x000001c4bbb94c30, 0x000001c4bbb95b20,
0x000001c4bbb9b760, 0x000001c4bbc2c370, 0x000001c4bbc34b60, 0x000001c4c046fee0,
0x000001c4bbc8dde0, 0x000001c4c103dbb0, 0x000001c4c0650000, 0x000001c4c0a2bfb0,
0x000001c4c0a2d720, 0x000001c4c0a2e6c0, 0x000001c4c0a2ee90, 0x000001c4c0f47920
}

Java Threads: ( => current thread )
  0x000001c49e8dfe70 JavaThread "main"                              [_thread_in_Java, id=260, stack(0x000000192e500000,0x000000192e600000) (1024K)]
  0x000001c4bbb8cba0 JavaThread "Reference Handler"          daemon [_thread_blocked, id=14284, stack(0x000000192ed00000,0x000000192ee00000) (1024K)]
  0x000001c4bbb8d8b0 JavaThread "Finalizer"                  daemon [_thread_blocked, id=18956, stack(0x000000192ee00000,0x000000192ef00000) (1024K)]
  0x000001c4bbb8f8d0 JavaThread "Signal Dispatcher"          daemon [_thread_blocked, id=15640, stack(0x000000192ef00000,0x000000192f000000) (1024K)]
  0x000001c4bbb914a0 JavaThread "Attach Listener"            daemon [_thread_blocked, id=13396, stack(0x000000192f000000,0x000000192f100000) (1024K)]
  0x000001c4bbb92060 JavaThread "Service Thread"             daemon [_thread_blocked, id=16712, stack(0x000000192f100000,0x000000192f200000) (1024K)]
  0x000001c4bbb94c30 JavaThread "Monitor Deflation Thread"   daemon [_thread_blocked, id=2636, stack(0x000000192f200000,0x000000192f300000) (1024K)]
=>0x000001c4bbb95b20 JavaThread "C2 CompilerThread0"         daemon [_thread_in_native, id=13216, stack(0x000000192f300000,0x000000192f400000) (1024K)]
  0x000001c4bbb9b760 JavaThread "C1 CompilerThread0"         daemon [_thread_blocked, id=19256, stack(0x000000192f400000,0x000000192f500000) (1024K)]
  0x000001c4bbc2c370 JavaThread "Notification Thread"        daemon [_thread_blocked, id=19520, stack(0x000000192f500000,0x000000192f600000) (1024K)]
  0x000001c4bbc34b60 JavaThread "Common-Cleaner"             daemon [_thread_blocked, id=16588, stack(0x000000192f600000,0x000000192f700000) (1024K)]
  0x000001c4c046fee0 JavaThread "surefire-forkedjvm-stream-flusher" daemon [_thread_blocked, id=1620, stack(0x000000192f700000,0x000000192f800000) (1024K)]
  0x000001c4bbc8dde0 JavaThread "surefire-forkedjvm-command-thread" daemon [_thread_in_native, id=15376, stack(0x000000192f800000,0x000000192f900000) (1024K)]
  0x000001c4c103dbb0 JavaThread "HttpClient-1-SelectorManager" daemon [_thread_in_native, id=2380, stack(0x000000192ff00000,0x0000001930000000) (1024K)]
  0x000001c4c0650000 JavaThread "External Process Output Forwarder - C:\Users\Admin\.cache\selenium\chromedriver\win64\147.0.7727.117\chromedriver.exe" daemon [_thread_in_native, id=4404, stack(0x0000001930000000,0x0000001930100000) (1024K)]
  0x000001c4c0a2bfb0 JavaThread "JdkHttpClient-0-0"          daemon [_thread_blocked, id=7016, stack(0x0000001930600000,0x0000001930700000) (1024K)]
  0x000001c4c0a2d720 JavaThread "ForkJoinPool.commonPool-delayScheduler" daemon [_thread_blocked, id=9680, stack(0x0000001930700000,0x0000001930800000) (1024K)]
  0x000001c4c0a2e6c0 JavaThread "JdkHttpClient-0-2"          daemon [_thread_blocked, id=15096, stack(0x0000001930900000,0x0000001930a00000) (1024K)]
  0x000001c4c0a2ee90 JavaThread "JdkHttpClient-0-3"          daemon [_thread_blocked, id=11108, stack(0x0000001930a00000,0x0000001930b00000) (1024K)]
  0x000001c4c0f47920 JavaThread "UrlChecker-3"               daemon [_thread_blocked, id=15936, stack(0x000000192e400000,0x000000192e500000) (1024K)]
Total: 20

Other Threads:
  0x000001c4bbb7b210 VMThread "VM Thread"                           [id=15060, stack(0x000000192ec00000,0x000000192ed00000) (1024K)]
  0x000001c4a0bde960 WatcherThread "VM Periodic Task Thread"        [id=2748, stack(0x000000192eb00000,0x000000192ec00000) (1024K)]
  0x000001c4a0b4b940 WorkerThread "GC Thread#0"                     [id=18600, stack(0x000000192e600000,0x000000192e700000) (1024K)]
  0x000001c4c063dd90 WorkerThread "GC Thread#1"                     [id=18324, stack(0x000000192fb00000,0x000000192fc00000) (1024K)]
  0x000001c4c064cc30 WorkerThread "GC Thread#2"                     [id=19024, stack(0x000000192fc00000,0x000000192fd00000) (1024K)]
  0x000001c4c064d470 WorkerThread "GC Thread#3"                     [id=6956, stack(0x000000192fd00000,0x000000192fe00000) (1024K)]
  0x000001c4a0b585f0 ConcurrentGCThread "G1 Main Marker"            [id=13224, stack(0x000000192e700000,0x000000192e800000) (1024K)]
  0x000001c4a0b59190 WorkerThread "G1 Conc#0"                       [id=4804, stack(0x000000192e800000,0x000000192e900000) (1024K)]
  0x000001c4a0b82e90 ConcurrentGCThread "G1 Refine#0"               [id=7956, stack(0x000000192e900000,0x000000192ea00000) (1024K)]
  0x000001c4a0b83aa0 ConcurrentGCThread "G1 Service"                [id=2488, stack(0x000000192ea00000,0x000000192eb00000) (1024K)]
Total: 10

Threads with active compile tasks:
C2 CompilerThread0  156805 3320       4       java.util.Properties::loadConvert (540 bytes)
Total: 1

VM state: not at safepoint (normal execution)

VM Mutex/Monitor currently owned by a thread: None

Heap address: 0x00000000c1600000, size: 1002 MB, Compressed Oops mode: 32-bit

CDS archive(s) mapped at: [0x000000001d000000-0x000000001ddd0000-0x000000001ddd0000), size 14483456, SharedBaseAddress: 0x000000001d000000, ArchiveRelocationMode: 1.
Compressed class space mapped at: 0x000000001e000000-0x000000005e000000, reserved size: 1073741824
UseCompressedClassPointers 1, UseCompactObjectHeaders 0
Narrow klass pointer bits 32, Max shift 3
Narrow klass base: 0x000000001d000000, Narrow klass shift: 0
Encoding Range: [0x000000001d000000 - 0x000000011d000000), (4294967296 bytes)
Klass Range:    [0x000000001d010000 - 0x000000005e000000), (1090453504 bytes)
Klass ID Range:  [65536 - 1090519033) (1090453497)
Protection zone: [0x000000001d000000 - 0x000000001d010000), (65536 bytes)

GC Precious Log:
 CardTable entry size: 512
 Card Set container configuration: InlinePtr #cards 5 size 8 Array Of Cards #cards 10 size 36 Howl #buckets 4 coarsen threshold 1843 Howl Bitmap #cards 512 size 80 coarsen threshold 460 Card regions per heap region 1 cards per card region 2048
 CPUs: 4 total, 4 available
 Memory: 4000M
 Large Page Support: Disabled
 NUMA Support: Disabled
 Compressed Oops: Enabled (32-bit)
 Heap Region Size: 1M
 Heap Min Capacity: 8M
 Heap Initial Capacity: 64M
 Heap Max Capacity: 1002M
 Pre-touch: Disabled
 Parallel Workers: 4
 Concurrent Workers: 1
 Concurrent Refinement Workers: 4
 Periodic GC: Disabled

Heap:
 garbage-first heap   total reserved 1026048K, committed 67584K, used 23581K [0x00000000c1600000, 0x0000000100000000)
  region size 1024K, 12 young (12288K), 2 survivors (2048K)

Heap Regions: E=young(eden), S=young(survivor), O=old, HS=humongous(starts), HC=humongous(continues), CS=collection set, F=free, TAMS=top-at-mark-start, PB=parsable bottom
|   0|0x00000000c1600000, 0x00000000c1700000, 0x00000000c1700000|100%|HS|  |TAMS 0x00000000c1600000| PB 0x00000000c1600000| Complete |  0
|   1|0x00000000c1700000, 0x00000000c1800000, 0x00000000c1800000|100%| O|  |TAMS 0x00000000c1700000| PB 0x00000000c1700000| Untracked |  0
|   2|0x00000000c1800000, 0x00000000c1900000, 0x00000000c1900000|100%| O|  |TAMS 0x00000000c1800000| PB 0x00000000c1800000| Untracked |  0
|   3|0x00000000c1900000, 0x00000000c1a00000, 0x00000000c1a00000|100%| O|  |TAMS 0x00000000c1900000| PB 0x00000000c1900000| Untracked |  0
|   4|0x00000000c1a00000, 0x00000000c1b00000, 0x00000000c1b00000|100%| O|  |TAMS 0x00000000c1a00000| PB 0x00000000c1a00000| Untracked |  0
|   5|0x00000000c1b00000, 0x00000000c1c00000, 0x00000000c1c00000|100%| O|  |TAMS 0x00000000c1b00000| PB 0x00000000c1b00000| Untracked |  0
|   6|0x00000000c1c00000, 0x00000000c1d00000, 0x00000000c1d00000|100%| O|  |TAMS 0x00000000c1c00000| PB 0x00000000c1c00000| Untracked |  0
|   7|0x00000000c1d00000, 0x00000000c1e00000, 0x00000000c1e00000|100%| O|  |TAMS 0x00000000c1d00000| PB 0x00000000c1d00000| Untracked |  0
|   8|0x00000000c1e00000, 0x00000000c1f00000, 0x00000000c1f00000|100%| O|  |TAMS 0x00000000c1e00000| PB 0x00000000c1e00000| Untracked |  0
|   9|0x00000000c1f00000, 0x00000000c2000000, 0x00000000c2000000|100%| O|  |TAMS 0x00000000c1f00000| PB 0x00000000c1f00000| Untracked |  0
|  10|0x00000000c2000000, 0x00000000c2100000, 0x00000000c2100000|100%| O|  |TAMS 0x00000000c2000000| PB 0x00000000c2000000| Untracked |  0
|  11|0x00000000c2100000, 0x00000000c2100000, 0x00000000c2200000|  0%| F|  |TAMS 0x00000000c2100000| PB 0x00000000c2100000| Untracked |  0
|  12|0x00000000c2200000, 0x00000000c2200000, 0x00000000c2300000|  0%| F|  |TAMS 0x00000000c2200000| PB 0x00000000c2200000| Untracked |  0
|  13|0x00000000c2300000, 0x00000000c2300000, 0x00000000c2400000|  0%| F|  |TAMS 0x00000000c2300000| PB 0x00000000c2300000| Untracked |  0
|  14|0x00000000c2400000, 0x00000000c2400000, 0x00000000c2500000|  0%| F|  |TAMS 0x00000000c2400000| PB 0x00000000c2400000| Untracked |  0
|  15|0x00000000c2500000, 0x00000000c2500000, 0x00000000c2600000|  0%| F|  |TAMS 0x00000000c2500000| PB 0x00000000c2500000| Untracked |  0
|  16|0x00000000c2600000, 0x00000000c2600000, 0x00000000c2700000|  0%| F|  |TAMS 0x00000000c2600000| PB 0x00000000c2600000| Untracked |  0
|  17|0x00000000c2700000, 0x00000000c2700000, 0x00000000c2800000|  0%| F|  |TAMS 0x00000000c2700000| PB 0x00000000c2700000| Untracked |  0
|  18|0x00000000c2800000, 0x00000000c2800000, 0x00000000c2900000|  0%| F|  |TAMS 0x00000000c2800000| PB 0x00000000c2800000| Untracked |  0
|  19|0x00000000c2900000, 0x00000000c2900000, 0x00000000c2a00000|  0%| F|  |TAMS 0x00000000c2900000| PB 0x00000000c2900000| Untracked |  0
|  20|0x00000000c2a00000, 0x00000000c2a00000, 0x00000000c2b00000|  0%| F|  |TAMS 0x00000000c2a00000| PB 0x00000000c2a00000| Untracked |  0
|  21|0x00000000c2b00000, 0x00000000c2b00000, 0x00000000c2c00000|  0%| F|  |TAMS 0x00000000c2b00000| PB 0x00000000c2b00000| Untracked |  0
|  22|0x00000000c2c00000, 0x00000000c2c00000, 0x00000000c2d00000|  0%| F|  |TAMS 0x00000000c2c00000| PB 0x00000000c2c00000| Untracked |  0
|  23|0x00000000c2d00000, 0x00000000c2d00000, 0x00000000c2e00000|  0%| F|  |TAMS 0x00000000c2d00000| PB 0x00000000c2d00000| Untracked |  0
|  24|0x00000000c2e00000, 0x00000000c2e00000, 0x00000000c2f00000|  0%| F|  |TAMS 0x00000000c2e00000| PB 0x00000000c2e00000| Untracked |  0
|  25|0x00000000c2f00000, 0x00000000c2f00000, 0x00000000c3000000|  0%| F|  |TAMS 0x00000000c2f00000| PB 0x00000000c2f00000| Untracked |  0
|  26|0x00000000c3000000, 0x00000000c3000000, 0x00000000c3100000|  0%| F|  |TAMS 0x00000000c3000000| PB 0x00000000c3000000| Untracked |  0
|  27|0x00000000c3100000, 0x00000000c3100000, 0x00000000c3200000|  0%| F|  |TAMS 0x00000000c3100000| PB 0x00000000c3100000| Untracked |  0
|  28|0x00000000c3200000, 0x00000000c3200000, 0x00000000c3300000|  0%| F|  |TAMS 0x00000000c3200000| PB 0x00000000c3200000| Untracked |  0
|  29|0x00000000c3300000, 0x00000000c3300000, 0x00000000c3400000|  0%| F|  |TAMS 0x00000000c3300000| PB 0x00000000c3300000| Untracked |  0
|  30|0x00000000c3400000, 0x00000000c3400000, 0x00000000c3500000|  0%| F|  |TAMS 0x00000000c3400000| PB 0x00000000c3400000| Untracked |  0
|  31|0x00000000c3500000, 0x00000000c35e1d08, 0x00000000c3600000| 88%| S|CS|TAMS 0x00000000c3500000| PB 0x00000000c3500000| Complete |  0
|  32|0x00000000c3600000, 0x00000000c3700000, 0x00000000c3700000|100%| S|CS|TAMS 0x00000000c3600000| PB 0x00000000c3600000| Complete |  0
|  33|0x00000000c3700000, 0x00000000c3700000, 0x00000000c3800000|  0%| F|  |TAMS 0x00000000c3700000| PB 0x00000000c3700000| Untracked |  0
|  34|0x00000000c3800000, 0x00000000c3800000, 0x00000000c3900000|  0%| F|  |TAMS 0x00000000c3800000| PB 0x00000000c3800000| Untracked |  0
|  35|0x00000000c3900000, 0x00000000c3900000, 0x00000000c3a00000|  0%| F|  |TAMS 0x00000000c3900000| PB 0x00000000c3900000| Untracked |  0
|  36|0x00000000c3a00000, 0x00000000c3a00000, 0x00000000c3b00000|  0%| F|  |TAMS 0x00000000c3a00000| PB 0x00000000c3a00000| Untracked |  0
|  37|0x00000000c3b00000, 0x00000000c3b00000, 0x00000000c3c00000|  0%| F|  |TAMS 0x00000000c3b00000| PB 0x00000000c3b00000| Untracked |  0
|  38|0x00000000c3c00000, 0x00000000c3c00000, 0x00000000c3d00000|  0%| F|  |TAMS 0x00000000c3c00000| PB 0x00000000c3c00000| Untracked |  0
|  39|0x00000000c3d00000, 0x00000000c3d00000, 0x00000000c3e00000|  0%| F|  |TAMS 0x00000000c3d00000| PB 0x00000000c3d00000| Untracked |  0
|  40|0x00000000c3e00000, 0x00000000c3e00000, 0x00000000c3f00000|  0%| F|  |TAMS 0x00000000c3e00000| PB 0x00000000c3e00000| Untracked |  0
|  41|0x00000000c3f00000, 0x00000000c3f00000, 0x00000000c4000000|  0%| F|  |TAMS 0x00000000c3f00000| PB 0x00000000c3f00000| Untracked |  0
|  42|0x00000000c4000000, 0x00000000c4000000, 0x00000000c4100000|  0%| F|  |TAMS 0x00000000c4000000| PB 0x00000000c4000000| Untracked |  0
|  43|0x00000000c4100000, 0x00000000c4100000, 0x00000000c4200000|  0%| F|  |TAMS 0x00000000c4100000| PB 0x00000000c4100000| Untracked |  0
|  44|0x00000000c4200000, 0x00000000c4200000, 0x00000000c4300000|  0%| F|  |TAMS 0x00000000c4200000| PB 0x00000000c4200000| Untracked |  0
|  45|0x00000000c4300000, 0x00000000c4300000, 0x00000000c4400000|  0%| F|  |TAMS 0x00000000c4300000| PB 0x00000000c4300000| Untracked |  0
|  46|0x00000000c4400000, 0x00000000c4400000, 0x00000000c4500000|  0%| F|  |TAMS 0x00000000c4400000| PB 0x00000000c4400000| Untracked |  0
|  47|0x00000000c4500000, 0x00000000c4500000, 0x00000000c4600000|  0%| F|  |TAMS 0x00000000c4500000| PB 0x00000000c4500000| Untracked |  0
|  48|0x00000000c4600000, 0x00000000c4600000, 0x00000000c4700000|  0%| F|  |TAMS 0x00000000c4600000| PB 0x00000000c4600000| Untracked |  0
|  49|0x00000000c4700000, 0x00000000c4700000, 0x00000000c4800000|  0%| F|  |TAMS 0x00000000c4700000| PB 0x00000000c4700000| Untracked |  0
|  50|0x00000000c4800000, 0x00000000c4800000, 0x00000000c4900000|  0%| F|  |TAMS 0x00000000c4800000| PB 0x00000000c4800000| Untracked |  0
|  51|0x00000000c4900000, 0x00000000c4900000, 0x00000000c4a00000|  0%| F|  |TAMS 0x00000000c4900000| PB 0x00000000c4900000| Untracked |  0
|  52|0x00000000c4a00000, 0x00000000c4a00000, 0x00000000c4b00000|  0%| F|  |TAMS 0x00000000c4a00000| PB 0x00000000c4a00000| Untracked |  0
|  53|0x00000000c4b00000, 0x00000000c4b00000, 0x00000000c4c00000|  0%| F|  |TAMS 0x00000000c4b00000| PB 0x00000000c4b00000| Untracked |  0
|  54|0x00000000c4c00000, 0x00000000c4c79480, 0x00000000c4d00000| 47%| E|  |TAMS 0x00000000c4c00000| PB 0x00000000c4c00000| Complete |  0
|  55|0x00000000c4d00000, 0x00000000c4e00000, 0x00000000c4e00000|100%| E|CS|TAMS 0x00000000c4d00000| PB 0x00000000c4d00000| Complete |  0
|  56|0x00000000c4e00000, 0x00000000c4f00000, 0x00000000c4f00000|100%| E|CS|TAMS 0x00000000c4e00000| PB 0x00000000c4e00000| Complete |  0
|  57|0x00000000c4f00000, 0x00000000c5000000, 0x00000000c5000000|100%| E|CS|TAMS 0x00000000c4f00000| PB 0x00000000c4f00000| Complete |  0
|  58|0x00000000c5000000, 0x00000000c5100000, 0x00000000c5100000|100%| E|CS|TAMS 0x00000000c5000000| PB 0x00000000c5000000| Complete |  0
|  59|0x00000000c5100000, 0x00000000c5200000, 0x00000000c5200000|100%| E|CS|TAMS 0x00000000c5100000| PB 0x00000000c5100000| Complete |  0
|  60|0x00000000c5200000, 0x00000000c5300000, 0x00000000c5300000|100%| E|CS|TAMS 0x00000000c5200000| PB 0x00000000c5200000| Complete |  0
|  61|0x00000000c5300000, 0x00000000c5400000, 0x00000000c5400000|100%| E|CS|TAMS 0x00000000c5300000| PB 0x00000000c5300000| Complete |  0
|  62|0x00000000c5400000, 0x00000000c5500000, 0x00000000c5500000|100%| E|CS|TAMS 0x00000000c5400000| PB 0x00000000c5400000| Complete |  0
|  63|0x00000000c5500000, 0x00000000c5600000, 0x00000000c5600000|100%| E|CS|TAMS 0x00000000c5500000| PB 0x00000000c5500000| Complete |  0
|1000|0x00000000ffe00000, 0x00000000fff00000, 0x00000000fff00000|100%| O|  |TAMS 0x00000000ffe00000| PB 0x00000000ffe00000| Untracked |  0
|1001|0x00000000fff00000, 0x00000000fff257b8, 0x0000000100000000| 14%| O|  |TAMS 0x00000000fff00000| PB 0x00000000fff00000| Untracked |  0

Card table byte_map: [0x000001c4b85b0000,0x000001c4b87b0000] _byte_map_base: 0x000001c4b7fa5000

Marking Bits: (CMBitMap*) 0x000001c4a0b4c0d0
 Bits: [0x000001c4b87b0000, 0x000001c4b9758000)

Polling page: 0x000001c49ead0000

Metaspace:
Metaspace        used 19182K, committed 19456K, reserved 1114112K
 class space     used 2330K, committed 2432K, reserved 1048576K

Usage:
  Non-class:     16.46 MB used.
      Class:      2.28 MB used.
       Both:     18.73 MB used.

Virtual space:
  Non-class space:       64.00 MB reserved,      16.62 MB ( 26%) committed,  1 nodes.
      Class space:        1.00 GB reserved,       2.38 MB ( <1%) committed,  1 nodes.
             Both:        1.06 GB reserved,      19.00 MB (  2%) committed. 

Chunk freelists:
   Non-Class:  14.90 MB
       Class:  13.56 MB
        Both:  28.47 MB

MaxMetaspaceSize: unlimited
CompressedClassSpaceSize: 1.00 GB
Initial GC threshold: 21.00 MB
Current GC threshold: 21.00 MB
CDS: on
 - commit_granule_bytes: 65536.
 - commit_granule_words: 8192.
 - virtual_space_node_default_size: 8388608.
 - enlarge_chunks_in_place: 1.
UseCompressedClassPointers 1, UseCompactObjectHeaders 0
Narrow klass pointer bits 32, Max shift 3
Narrow klass base: 0x000000001d000000, Narrow klass shift: 0
Encoding Range: [0x000000001d000000 - 0x000000011d000000), (4294967296 bytes)
Klass Range:    [0x000000001d010000 - 0x000000005e000000), (1090453504 bytes)
Klass ID Range:  [65536 - 1090519033) (1090453497)
Protection zone: [0x000000001d000000 - 0x000000001d010000), (65536 bytes)


Internal statistics:

num_allocs_failed_limit: 0.
num_arena_births: 260.
num_arena_deaths: 0.
num_vsnodes_births: 2.
num_vsnodes_deaths: 0.
num_space_committed: 304.
num_space_uncommitted: 0.
num_chunks_returned_to_freelist: 0.
num_chunks_taken_from_freelist: 786.
num_chunk_merges: 0.
num_chunk_splits: 484.
num_chunks_enlarged: 340.
num_inconsistent_stats: 0.

CodeHeap 'non-profiled nmethods': size=120064Kb used=1102Kb max_used=1102Kb free=118961Kb
 bounds [0x000001c4b0e70000, 0x000001c4b10e0000, 0x000001c4b83b0000]
CodeHeap 'profiled nmethods': size=120000Kb used=5278Kb max_used=5278Kb free=114721Kb
 bounds [0x000001c4a93b0000, 0x000001c4a98e0000, 0x000001c4b08e0000]
CodeHeap 'non-nmethods': size=5696Kb used=1486Kb max_used=1574Kb free=4209Kb
 bounds [0x000001c4b08e0000, 0x000001c4b0b50000, 0x000001c4b0e70000]
CodeCache: size=245760Kb, used=7866Kb, max_used=7954Kb, free=237891Kb
 total_blobs=3939, nmethods=3331, adapters=510, full_count=0
Compilation: enabled, stopped_count=0, restarted_count=0

Compilation events (20 events):
Event: 140.315 Thread 0x000001c4bbb9b760 nmethod 3313 0x000001c4a98cf008 code [0x000001c4a98cf100, 0x000001c4a98cf220]
Event: 141.447 Thread 0x000001c4bbb95b20 3314       4       java.lang.Thread::interrupted (7 bytes)
Event: 141.454 Thread 0x000001c4bbb95b20 nmethod 3314 0x000001c4b0f81f88 code [0x000001c4b0f82080, 0x000001c4b0f82130]
Event: 145.660 Thread 0x000001c4bbb95b20 3315       4       java.nio.Buffer::position (52 bytes)
Event: 145.713 Thread 0x000001c4bbb95b20 nmethod 3315 0x000001c4b0f82288 code [0x000001c4b0f82380, 0x000001c4b0f82470]
Event: 151.856 Thread 0x000001c4bbb95b20 3316       4       java.util.concurrent.locks.ReentrantLock$NonfairSync::initialTryLock (58 bytes)
Event: 151.907 Thread 0x000001c4bbb95b20 nmethod 3316 0x000001c4b0f82588 code [0x000001c4b0f82680, 0x000001c4b0f82858]
Event: 154.705 Thread 0x000001c4bbb95b20 3317       4       jdk.internal.misc.Unsafe::putIntOpaque (9 bytes)
Event: 154.708 Thread 0x000001c4bbb95b20 nmethod 3317 0x000001c4b0f82888 code [0x000001c4b0f82980, 0x000001c4b0f82a00]
Event: 156.081 Thread 0x000001c4bbb9b760 3318       3       java.util.concurrent.ConcurrentHashMap::<init> (73 bytes)
Event: 156.088 Thread 0x000001c4bbb9b760 nmethod 3318 0x000001c4a98cf308 code [0x000001c4a98cf420, 0x000001c4a98cf938]
Event: 156.088 Thread 0x000001c4bbb9b760 3319       3       java.util.concurrent.ConcurrentHashMap::tableSizeFor (32 bytes)
Event: 156.088 Thread 0x000001c4bbb9b760 nmethod 3319 0x000001c4a98cf988 code [0x000001c4a98cfa80, 0x000001c4a98cfc70]
Event: 156.130 Thread 0x000001c4bbb95b20 3320       4       java.util.Properties::loadConvert (540 bytes)
Event: 156.131 Thread 0x000001c4bbb9b760 3321       3       java.util.concurrent.ConcurrentHashMap::<init> (9 bytes)
Event: 156.131 Thread 0x000001c4bbb9b760 nmethod 3321 0x000001c4a98cfc88 code [0x000001c4a98cfda0, 0x000001c4a98cfee0]
Event: 156.203 Thread 0x000001c4bbb9b760 3322       3       sun.security.provider.ByteArrayAccess::i2bBig4 (10 bytes)
Event: 156.212 Thread 0x000001c4bbb9b760 nmethod 3322 0x000001c4a98cff88 code [0x000001c4a98d0080, 0x000001c4a98d0728]
Event: 156.213 Thread 0x000001c4bbb9b760 3323       1       sun.security.provider.DigestBase::engineGetDigestLength (5 bytes)
Event: 156.213 Thread 0x000001c4bbb9b760 nmethod 3323 0x000001c4b0f82b88 code [0x000001c4b0f82c80, 0x000001c4b0f82d48]

GC Heap Usage History (6 events):
Event: 9.167 {heap Before GC invocations=0 (full 0):
 garbage-first heap   total reserved 1026048K, committed 67584K, used 29845K [0x00000000c1600000, 0x0000000100000000)
  region size 1024K, 28 young (28672K), 0 survivors (0K)
}
Event: 9.195 {heap After GC invocations=1 (full 0):
 garbage-first heap   total reserved 1026048K, committed 67584K, used 8629K [0x00000000c1600000, 0x0000000100000000)
  region size 1024K, 4 young (4096K), 4 survivors (4096K)
}
Event: 14.767 {heap Before GC invocations=1 (full 0):
 garbage-first heap   total reserved 1026048K, committed 67584K, used 32181K [0x00000000c1600000, 0x0000000100000000)
  region size 1024K, 28 young (28672K), 4 survivors (4096K)
}
Event: 14.794 {heap After GC invocations=2 (full 0):
 garbage-first heap   total reserved 1026048K, committed 67584K, used 12761K [0x00000000c1600000, 0x0000000100000000)
  region size 1024K, 4 young (4096K), 4 survivors (4096K)
}
Event: 91.216 {heap Before GC invocations=2 (full 0):
 garbage-first heap   total reserved 1026048K, committed 67584K, used 39385K [0x00000000c1600000, 0x0000000100000000)
  region size 1024K, 31 young (31744K), 4 survivors (4096K)
}
Event: 91.376 {heap After GC invocations=3 (full 0):
 garbage-first heap   total reserved 1026048K, committed 67584K, used 14365K [0x00000000c1600000, 0x0000000100000000)
  region size 1024K, 2 young (2048K), 2 survivors (2048K)
}

Metaspace Usage History (6 events):
Event: 9.167 {metaspace Before GC invocations=0 (full 0):
 Metaspace       used 5878K, committed 6144K, reserved 1114112K
  class space    used 653K, committed 768K, reserved 1048576K
}
Event: 9.195 {metaspace After GC invocations=1 (full 0):
 Metaspace       used 5878K, committed 6144K, reserved 1114112K
  class space    used 653K, committed 768K, reserved 1048576K
}
Event: 14.767 {metaspace Before GC invocations=1 (full 0):
 Metaspace       used 11007K, committed 11264K, reserved 1114112K
  class space    used 1217K, committed 1344K, reserved 1048576K
}
Event: 14.794 {metaspace After GC invocations=2 (full 0):
 Metaspace       used 11007K, committed 11264K, reserved 1114112K
  class space    used 1217K, committed 1344K, reserved 1048576K
}
Event: 91.217 {metaspace Before GC invocations=2 (full 0):
 Metaspace       used 18765K, committed 19072K, reserved 1114112K
  class space    used 2290K, committed 2432K, reserved 1048576K
}
Event: 91.376 {metaspace After GC invocations=3 (full 0):
 Metaspace       used 18765K, committed 19072K, reserved 1114112K
  class space    used 2290K, committed 2432K, reserved 1048576K
}

Dll operation events (10 events):
Event: 0.952 Loaded shared library C:\Program Files\Java\jdk-25.0.2\bin\java.dll
Event: 1.469 Loaded shared library C:\Program Files\Java\jdk-25.0.2\bin\net.dll
Event: 1.487 Loaded shared library C:\Program Files\Java\jdk-25.0.2\bin\nio.dll
Event: 1.503 Loaded shared library C:\Program Files\Java\jdk-25.0.2\bin\zip.dll
Event: 2.188 Loaded shared library C:\Program Files\Java\jdk-25.0.2\bin\management.dll
Event: 2.254 Loaded shared library C:\Program Files\Java\jdk-25.0.2\bin\management_ext.dll
Event: 2.509 Loaded shared library C:\Program Files\Java\jdk-25.0.2\bin\jimage.dll
Event: 13.281 Loaded shared library C:\Program Files\Java\jdk-25.0.2\bin\verify.dll
Event: 16.270 Loaded shared library C:\Program Files\Java\jdk-25.0.2\bin\extnet.dll
Event: 16.977 Loaded shared library C:\Program Files\Java\jdk-25.0.2\bin\sunmscapi.dll

Deoptimization events (20 events):
Event: 90.791 Thread 0x000001c49e8dfe70 DEOPT PACKING pc=0x000001c4b0f63a10 sp=0x000000192e5fd620
Event: 90.791 Thread 0x000001c49e8dfe70 DEOPT UNPACKING pc=0x000001c4b09fd082 sp=0x000000192e5fd5f0 mode 2
Event: 90.929 Thread 0x000001c49e8dfe70 Uncommon trap: trap_request=0xffffff5e fr.pc=0x000001c4b0f63a10 relative=0x0000000000000390
Event: 90.929 Thread 0x000001c49e8dfe70 Uncommon trap: reason=speculate_class_check action=maybe_recompile pc=0x000001c4b0f63a10 method=java.lang.String.<init>(Ljava/lang/AbstractStringBuilder;Ljava/lang/Void;)V @ 10 c2
Event: 90.929 Thread 0x000001c49e8dfe70 DEOPT PACKING pc=0x000001c4b0f63a10 sp=0x000000192e5fd6b0
Event: 90.929 Thread 0x000001c49e8dfe70 DEOPT UNPACKING pc=0x000001c4b09fd082 sp=0x000000192e5fd680 mode 2
Event: 92.023 Thread 0x000001c49e8dfe70 Uncommon trap: trap_request=0xffffff5e fr.pc=0x000001c4b0f63a10 relative=0x0000000000000390
Event: 92.023 Thread 0x000001c49e8dfe70 Uncommon trap: reason=speculate_class_check action=maybe_recompile pc=0x000001c4b0f63a10 method=java.lang.String.<init>(Ljava/lang/AbstractStringBuilder;Ljava/lang/Void;)V @ 10 c2
Event: 92.023 Thread 0x000001c49e8dfe70 DEOPT PACKING pc=0x000001c4b0f63a10 sp=0x000000192e5fd6b0
Event: 92.023 Thread 0x000001c49e8dfe70 DEOPT UNPACKING pc=0x000001c4b09fd082 sp=0x000000192e5fd680 mode 2
Event: 93.696 Thread 0x000001c49e8dfe70 DEOPT PACKING pc=0x000001c4a9843283 sp=0x000000192e5fd180
Event: 93.696 Thread 0x000001c49e8dfe70 DEOPT UNPACKING pc=0x000001c4b0931702 sp=0x000000192e5fc630 mode 0
Event: 105.785 Thread 0x000001c49e8dfe70 Uncommon trap: trap_request=0xffffffde fr.pc=0x000001c4b0f59d80 relative=0x0000000000000200
Event: 105.785 Thread 0x000001c49e8dfe70 Uncommon trap: reason=class_check action=maybe_recompile pc=0x000001c4b0f59d80 method=java.util.stream.StreamOpFlag.fromCharacteristics(Ljava/util/Spliterator;)I @ 14 c2
Event: 105.785 Thread 0x000001c49e8dfe70 DEOPT PACKING pc=0x000001c4b0f59d80 sp=0x000000192e5fdb70
Event: 105.786 Thread 0x000001c49e8dfe70 DEOPT UNPACKING pc=0x000001c4b09fd082 sp=0x000000192e5fdab0 mode 2
Event: 105.810 Thread 0x000001c49e8dfe70 Uncommon trap: trap_request=0xffffff45 fr.pc=0x000001c4b0f40568 relative=0x00000000000001e8
Event: 105.810 Thread 0x000001c49e8dfe70 Uncommon trap: reason=unstable_if action=reinterpret pc=0x000001c4b0f40568 method=jdk.internal.classfile.impl.SplitConstantPool.maybeCloneUtf8Entry(Ljava/lang/classfile/constantpool/Utf8Entry;)Ljdk/internal/classfile/impl/AbstractPoolEntry$Utf8EntryImpl; 
Event: 105.811 Thread 0x000001c49e8dfe70 DEOPT PACKING pc=0x000001c4b0f40568 sp=0x000000192e5fc570
Event: 105.811 Thread 0x000001c49e8dfe70 DEOPT UNPACKING pc=0x000001c4b09fd082 sp=0x000000192e5fc500 mode 2

Classes loaded (20 events):
Event: 105.218 Loading class java/math/BigInteger$RecursiveOp
Event: 105.462 Loading class java/util/concurrent/RecursiveTask
Event: 105.472 Loading class java/util/concurrent/RecursiveTask done
Event: 105.473 Loading class java/math/BigInteger$RecursiveOp done
Event: 105.473 Loading class java/math/BigInteger$RecursiveOp$RecursiveSquare
Event: 105.475 Loading class java/math/BigInteger$RecursiveOp$RecursiveSquare done
Event: 105.768 Loading class java/util/TreeMap$EntrySpliterator
Event: 105.785 Loading class java/util/TreeMap$EntrySpliterator done
Event: 106.028 Loading class java/lang/invoke/WrongMethodTypeException
Event: 106.037 Loading class java/lang/invoke/WrongMethodTypeException done
Event: 106.767 Loading class java/lang/StackTraceElement$HashedModules
Event: 106.778 Loading class java/lang/StackTraceElement$HashedModules done
Event: 106.793 Loading class java/io/PrintWriter
Event: 106.798 Loading class java/io/PrintWriter done
Event: 106.798 Loading class java/lang/Throwable$WrappedPrintWriter
Event: 106.799 Loading class java/lang/Throwable$PrintStreamOrWriter
Event: 106.800 Loading class java/lang/Throwable$PrintStreamOrWriter done
Event: 106.800 Loading class java/lang/Throwable$WrappedPrintWriter done
Event: 109.877 Loading class java/util/LinkedList$LLSpliterator
Event: 109.878 Loading class java/util/LinkedList$LLSpliterator done

Classes unloaded (0 events):
No events

Classes redefined (0 events):
No events

Internal exceptions (20 events):
Event: 18.995 Thread 0x000001c49e8dfe70 Exception <a 'java/lang/NoSuchMethodError'{0x00000000c4ef0c88}: 'double java.lang.invoke.DirectMethodHandle$Holder.invokeVirtual(java.lang.Object, java.lang.Object)'> (0x00000000c4ef0c88) 
thrown [s\open\src\hotspot\share\interpreter\linkResolver.cpp, line 804]
Event: 19.037 Thread 0x000001c49e8dfe70 Exception <a 'java/lang/NoSuchMethodError'{0x00000000c4d00be8}: 'float java.lang.invoke.DirectMethodHandle$Holder.invokeVirtual(java.lang.Object, java.lang.Object)'> (0x00000000c4d00be8) 
thrown [s\open\src\hotspot\share\interpreter\linkResolver.cpp, line 804]
Event: 19.042 Thread 0x000001c49e8dfe70 Exception <a 'java/lang/NoSuchMethodError'{0x00000000c4d17a48}: 'long java.lang.invoke.DirectMethodHandle$Holder.invokeVirtual(java.lang.Object, java.lang.Object)'> (0x00000000c4d17a48) 
thrown [s\open\src\hotspot\share\interpreter\linkResolver.cpp, line 804]
Event: 19.302 Thread 0x000001c49e8dfe70 Exception <a 'java/lang/NoSuchMethodError'{0x00000000c4b27d50}: 'java.lang.Object java.lang.invoke.DirectMethodHandle$Holder.newInvokeSpecial(java.lang.Object, java.lang.Object, int, int)'> (0x00000000c4b27d50) 
thrown [s\open\src\hotspot\share\interpreter\linkResolver.cpp, line 804]
Event: 19.307 Thread 0x000001c49e8dfe70 Exception <a 'java/lang/NoSuchMethodError'{0x00000000c4b38a80}: 'void java.lang.invoke.DirectMethodHandle$Holder.invokeStatic(java.lang.Object, java.lang.Object, int)'> (0x00000000c4b38a80) 
thrown [s\open\src\hotspot\share\interpreter\linkResolver.cpp, line 804]
Event: 19.360 Thread 0x000001c49e8dfe70 Exception <a 'java/lang/NoSuchMethodError'{0x00000000c4bd26c0}: 'int java.lang.invoke.DirectMethodHandle$Holder.invokeVirtual(java.lang.Object, java.lang.Object, java.lang.Object)'> (0x00000000c4bd26c0) 
thrown [s\open\src\hotspot\share\interpreter\linkResolver.cpp, line 804]
Event: 19.530 Thread 0x000001c4c0a2bfb0 Exception <a 'java/lang/NoSuchMethodError'{0x00000000c49cc590}: 'java.lang.Object java.lang.invoke.DirectMethodHandle$Holder.invokeSpecial(java.lang.Object, java.lang.Object, java.lang.Object, java.lang.Object, java.lang.Object, int)'> (0x00000000c49cc590) 
thrown [s\open\src\hotspot\share\interpreter\linkResolver.cpp, line 804]
Event: 19.597 Thread 0x000001c4c0a2bfb0 Exception <a 'java/lang/NoSuchMethodError'{0x00000000c487e658}: 'void java.lang.invoke.DirectMethodHandle$Holder.invokeSpecial(java.lang.Object, java.lang.Object, java.lang.Object, java.lang.Object, java.lang.Object)'> (0x00000000c487e658) 
thrown [s\open\src\hotspot\share\interpreter\linkResolver.cpp, line 804]
Event: 19.622 Thread 0x000001c4c0a2bfb0 Exception <a 'java/lang/NoSuchMethodError'{0x00000000c48c9468}: 'long java.lang.invoke.DirectMethodHandle$Holder.invokeStatic(java.lang.Object, long, long)'> (0x00000000c48c9468) 
thrown [s\open\src\hotspot\share\interpreter\linkResolver.cpp, line 804]
Event: 19.641 Thread 0x000001c4c103dbb0 Exception <a 'java/lang/NoSuchMethodError'{0x00000000c4feb340}: 'int java.lang.invoke.DirectMethodHandle$Holder.invokeStatic(java.lang.Object, int, java.lang.Object)'> (0x00000000c4feb340) 
thrown [s\open\src\hotspot\share\interpreter\linkResolver.cpp, line 804]
Event: 19.653 Thread 0x000001c4c103dbb0 Exception <a 'java/lang/NoSuchMethodError'{0x00000000c4728ab0}: 'java.lang.Object java.lang.invoke.DirectMethodHandle$Holder.newInvokeSpecial(java.lang.Object, java.lang.Object, int)'> (0x00000000c4728ab0) 
thrown [s\open\src\hotspot\share\interpreter\linkResolver.cpp, line 804]
Event: 42.039 Thread 0x000001c4c0a2ee90 Exception <a 'java/lang/NoSuchMethodError'{0x00000000c4632268}: 'long java.lang.invoke.DirectMethodHandle$Holder.invokeStatic(java.lang.Object, java.lang.Object)'> (0x00000000c4632268) 
thrown [s\open\src\hotspot\share\interpreter\linkResolver.cpp, line 804]
Event: 42.163 Thread 0x000001c4c0a2ee90 Exception <a 'java/lang/NoSuchMethodError'{0x00000000c46d7e98}: 'void java.lang.invoke.DirectMethodHandle$Holder.invokeSpecial(java.lang.Object, java.lang.Object, java.lang.Object, java.lang.Object, java.lang.Object, java.lang.Object, java.lang.Object)'> (0x00000000c46d7e98) 
thrown [s\open\src\hotspot\share\interpreter\linkResolver.cpp, line 804]
Event: 43.273 Thread 0x000001c49e8dfe70 Exception <a 'java/lang/NoSuchMethodError'{0x00000000c4ac7b40}: 'java.lang.Object java.lang.invoke.DirectMethodHandle$Holder.invokeSpecialIFC(java.lang.Object, java.lang.Object, java.lang.Object)'> (0x00000000c4ac7b40) 
thrown [s\open\src\hotspot\share\interpreter\linkResolver.cpp, line 804]
Event: 47.682 Thread 0x000001c4c0685300 Implicit null exception at 0x000001c4b0eaa434 to 0x000001c4b0eaadb4
Event: 48.591 Thread 0x000001c49e8dfe70 Exception <a 'java/lang/ClassNotFoundException'{0x00000000c3e625b0}: sun/util/logging/resources/spi/loggingProvider> (0x00000000c3e625b0) 
thrown [s\open\src\hotspot\share\classfile\systemDictionary.cpp, line 327]
Event: 84.526 Thread 0x000001c49e8dfe70 Exception <a 'java/lang/NoSuchMethodError'{0x00000000c3872588}: 'void java.lang.invoke.DirectMethodHandle$Holder.invokeStaticInit(java.lang.Object, java.lang.Object)'> (0x00000000c3872588) 
thrown [s\open\src\hotspot\share\interpreter\linkResolver.cpp, line 804]
Event: 107.078 Thread 0x000001c49e8dfe70 Exception <a 'java/lang/NoSuchMethodError'{0x00000000c4fa9dc8}: 'java.lang.Object java.lang.invoke.DirectMethodHandle$Holder.invokeStatic(java.lang.Object, java.lang.Object, int, java.lang.Object, java.lang.Object)'> (0x00000000c4fa9dc8) 
thrown [s\open\src\hotspot\share\interpreter\linkResolver.cpp, line 804]
Event: 107.526 Thread 0x000001c4c0f4c740 Exception <a 'java/lang/NoSuchMethodError'{0x00000000c4e0fc20}: 'void java.lang.invoke.DirectMethodHandle$Holder.invokeSpecial(java.lang.Object, java.lang.Object, int, java.lang.Object, java.lang.Object)'> (0x00000000c4e0fc20) 
thrown [s\open\src\hotspot\share\interpreter\linkResolver.cpp, line 804]
Event: 109.785 Thread 0x000001c4c0f4d6e0 Exception <a 'java/lang/NoSuchMethodError'{0x00000000c4e0abb8}: 'int java.lang.invoke.DirectMethodHandle$Holder.invokeStatic(java.lang.Object)'> (0x00000000c4e0abb8) 
thrown [s\open\src\hotspot\share\interpreter\linkResolver.cpp, line 804]

VM Operations (20 events):
Event: 17.710 Executing non-safepoint VM operation: HandshakeAllThreads (Deoptimize)
Event: 17.732 Executing non-safepoint VM operation: HandshakeAllThreads (Deoptimize) done
Event: 18.908 Executing non-safepoint VM operation: HandshakeAllThreads (Deoptimize)
Event: 18.908 Executing non-safepoint VM operation: HandshakeAllThreads (Deoptimize) done
Event: 18.912 Executing non-safepoint VM operation: HandshakeAllThreads (Deoptimize)
Event: 18.912 Executing non-safepoint VM operation: HandshakeAllThreads (Deoptimize) done
Event: 41.995 Executing non-safepoint VM operation: HandshakeAllThreads (Deoptimize)
Event: 41.995 Executing non-safepoint VM operation: HandshakeAllThreads (Deoptimize) done
Event: 48.731 Executing non-safepoint VM operation: HandshakeAllThreads (Deoptimize)
Event: 48.731 Executing non-safepoint VM operation: HandshakeAllThreads (Deoptimize) done
Event: 61.563 Executing non-safepoint VM operation: HandshakeAllThreads (HandshakeForDeflation)
Event: 61.563 Executing non-safepoint VM operation: HandshakeAllThreads (HandshakeForDeflation) done
Event: 61.563 Executing non-safepoint VM operation: RendezvousGCThreads
Event: 61.563 Executing non-safepoint VM operation: RendezvousGCThreads done
Event: 91.212 Executing safepoint VM operation: G1CollectForAllocation (G1 Evacuation Pause)
Event: 91.379 Executing safepoint VM operation: G1CollectForAllocation (G1 Evacuation Pause) done
Event: 121.668 Executing non-safepoint VM operation: HandshakeAllThreads (HandshakeForDeflation)
Event: 121.668 Executing non-safepoint VM operation: HandshakeAllThreads (HandshakeForDeflation) done
Event: 121.668 Executing non-safepoint VM operation: RendezvousGCThreads
Event: 121.676 Executing non-safepoint VM operation: RendezvousGCThreads done

Memory protections (0 events):
No events

Nmethod flushes (0 events):
No events

Events (20 events):
Event: 44.524 Thread 0x000001c4c0f4d6e0 Thread added: 0x000001c4c0f47150
Event: 44.535 Thread 0x000001c4c0f4d6e0 Thread added: 0x000001c4c0f49860
Event: 44.535 Thread 0x000001c4c0f4d6e0 Thread added: 0x000001c4c0f49090
Event: 79.587 Thread 0x000001c4c0a2b010 Thread exited: 0x000001c4c0a2b010
Event: 79.757 Thread 0x000001c4c0a32540 Thread exited: 0x000001c4c0a32540
Event: 104.538 Thread 0x000001c4c0f47150 Thread exited: 0x000001c4c0f47150
Event: 107.595 Thread 0x000001c49e8dfe70 Thread added: 0x000001c4c0f461b0
Event: 107.595 Thread 0x000001c4c0f49860 Thread exited: 0x000001c4c0f49860
Event: 107.596 Thread 0x000001c4c0f49090 Thread exited: 0x000001c4c0f49090
Event: 107.596 Thread 0x000001c49e8dfe70 Thread added: 0x000001c4c0f4a800
Event: 109.279 Thread 0x000001c4c0685300 Thread exited: 0x000001c4c0685300
Event: 109.755 Thread 0x000001c4c0c67310 Thread exited: 0x000001c4c0c67310
Event: 109.776 Thread 0x000001c4c068a2e0 Thread exited: 0x000001c4c068a2e0
Event: 109.901 Thread 0x000001c4c0f4d6e0 Thread exited: 0x000001c4c0f4d6e0
Event: 109.909 Thread 0x000001c4c0f4c740 Thread exited: 0x000001c4c0f4c740
Event: 130.053 Thread 0x000001c49e8dfe70 Thread added: 0x000001c4c0f47920
Event: 155.868 Thread 0x000001c4c0a30dd0 Thread exited: 0x000001c4c0a30dd0
Event: 155.870 Thread 0x000001c4c0650fa0 Thread exited: 0x000001c4c0650fa0
Event: 155.875 Thread 0x000001c4c0f461b0 Thread exited: 0x000001c4c0f461b0
Event: 155.878 Thread 0x000001c4c0f4a800 Thread exited: 0x000001c4c0f4a800


Dynamic libraries:
0x00007ff7d96e0000 - 0x00007ff7d96f0000 	C:\Program Files\Java\jdk-25.0.2\bin\java.exe
0x00007fffc31d0000 - 0x00007fffc33c8000 	C:\WINDOWS\SYSTEM32\ntdll.dll
0x00007fffc2fa0000 - 0x00007fffc3062000 	C:\WINDOWS\System32\KERNEL32.DLL
0x00007fffc0ad0000 - 0x00007fffc0dc6000 	C:\WINDOWS\System32\KERNELBASE.dll
0x00007fffc10f0000 - 0x00007fffc11f0000 	C:\WINDOWS\System32\ucrtbase.dll
0x00007fffb8c80000 - 0x00007fffb8c97000 	C:\Program Files\Java\jdk-25.0.2\bin\jli.dll
0x00007fffc25f0000 - 0x00007fffc2791000 	C:\WINDOWS\System32\USER32.dll
0x00007fffc10c0000 - 0x00007fffc10e2000 	C:\WINDOWS\System32\win32u.dll
0x00007fffc3160000 - 0x00007fffc318b000 	C:\WINDOWS\System32\GDI32.dll
0x00007fffc0f00000 - 0x00007fffc1019000 	C:\WINDOWS\System32\gdi32full.dll
0x00007fffbfc00000 - 0x00007fffbfe9b000 	C:\WINDOWS\WinSxS\amd64_microsoft.windows.common-controls_6595b64144ccf1df_6.0.19041.6456_none_60b8a6cb71f64256\COMCTL32.dll
0x00007fffc1d40000 - 0x00007fffc1dde000 	C:\WINDOWS\System32\msvcrt.dll
0x00007fffc1020000 - 0x00007fffc10bd000 	C:\WINDOWS\System32\msvcp_win.dll
0x00007fffb5c60000 - 0x00007fffb5c7e000 	C:\Program Files\Java\jdk-25.0.2\bin\VCRUNTIME140.dll
0x00007fffc27a0000 - 0x00007fffc27cf000 	C:\WINDOWS\System32\IMM32.DLL
0x00007fffb9ae0000 - 0x00007fffb9aec000 	C:\Program Files\Java\jdk-25.0.2\bin\vcruntime140_1.dll
0x00007fffa9000000 - 0x00007fffa908d000 	C:\Program Files\Java\jdk-25.0.2\bin\msvcp140.dll
0x00007fff71f80000 - 0x00007fff72ddf000 	C:\Program Files\Java\jdk-25.0.2\bin\server\jvm.dll
0x00007fffc2530000 - 0x00007fffc25e1000 	C:\WINDOWS\System32\ADVAPI32.dll
0x00007fffc2e00000 - 0x00007fffc2e9f000 	C:\WINDOWS\System32\sechost.dll
0x00007fffc1450000 - 0x00007fffc1570000 	C:\WINDOWS\System32\RPCRT4.dll
0x00007fffc0dd0000 - 0x00007fffc0df7000 	C:\WINDOWS\System32\bcrypt.dll
0x00007fffc24c0000 - 0x00007fffc252b000 	C:\WINDOWS\System32\WS2_32.dll
0x00007fffb1560000 - 0x00007fffb1587000 	C:\WINDOWS\SYSTEM32\WINMM.dll
0x00007fffbeee0000 - 0x00007fffbeeea000 	C:\WINDOWS\SYSTEM32\VERSION.dll
0x00007fffc0450000 - 0x00007fffc049b000 	C:\WINDOWS\SYSTEM32\POWRPROF.dll
0x00007fffbff90000 - 0x00007fffbffa2000 	C:\WINDOWS\SYSTEM32\UMPDC.dll
0x00007fffbee30000 - 0x00007fffbee42000 	C:\WINDOWS\SYSTEM32\kernel.appcore.dll
0x00007fffb9200000 - 0x00007fffb920a000 	C:\Program Files\Java\jdk-25.0.2\bin\jimage.dll
0x00007fffc01c0000 - 0x00007fffc03c1000 	C:\WINDOWS\SYSTEM32\DBGHELP.DLL
0x00007fffbffd0000 - 0x00007fffc0004000 	C:\WINDOWS\SYSTEM32\dbgcore.DLL
0x00007fffc0860000 - 0x00007fffc08e2000 	C:\WINDOWS\System32\bcryptPrimitives.dll
0x00007fffb5960000 - 0x00007fffb597f000 	C:\Program Files\Java\jdk-25.0.2\bin\java.dll
0x00007fffc1de0000 - 0x00007fffc1f0b000 	C:\WINDOWS\System32\ole32.dll
0x00007fffc1f10000 - 0x00007fffc2264000 	C:\WINDOWS\System32\combase.dll
0x00007fffc1570000 - 0x00007fffc1ce0000 	C:\WINDOWS\System32\SHELL32.dll
0x00007fffbd8f0000 - 0x00007fffbe095000 	C:\WINDOWS\SYSTEM32\windows.storage.dll
0x00007fffbfb60000 - 0x00007fffbfb8b000 	C:\WINDOWS\SYSTEM32\Wldp.dll
0x00007fffc23e0000 - 0x00007fffc24ad000 	C:\WINDOWS\System32\OLEAUT32.dll
0x00007fffc1280000 - 0x00007fffc132d000 	C:\WINDOWS\System32\SHCORE.dll
0x00007fffc1ce0000 - 0x00007fffc1d3b000 	C:\WINDOWS\System32\shlwapi.dll
0x00007fffc0790000 - 0x00007fffc07b4000 	C:\WINDOWS\SYSTEM32\profapi.dll
0x00007fffb42b0000 - 0x00007fffb42c2000 	C:\Program Files\Java\jdk-25.0.2\bin\net.dll
0x00007fffbf840000 - 0x00007fffbf8aa000 	C:\WINDOWS\system32\mswsock.dll
0x00007fffb40f0000 - 0x00007fffb4106000 	C:\Program Files\Java\jdk-25.0.2\bin\nio.dll
0x00007fffb40d0000 - 0x00007fffb40e7000 	C:\Program Files\Java\jdk-25.0.2\bin\zip.dll
0x00007fffbab40000 - 0x00007fffbab4a000 	C:\Program Files\Java\jdk-25.0.2\bin\management.dll
0x00007fffb8ed0000 - 0x00007fffb8edc000 	C:\Program Files\Java\jdk-25.0.2\bin\management_ext.dll
0x00007fffc24b0000 - 0x00007fffc24b8000 	C:\WINDOWS\System32\PSAPI.DLL
0x00007fffc05d0000 - 0x00007fffc05e8000 	C:\WINDOWS\SYSTEM32\CRYPTSP.dll
0x00007fffbf1d0000 - 0x00007fffbf208000 	C:\WINDOWS\system32\rsaenh.dll
0x00007fffc0750000 - 0x00007fffc077e000 	C:\WINDOWS\SYSTEM32\USERENV.dll
0x00007fffbfa70000 - 0x00007fffbfa7c000 	C:\WINDOWS\SYSTEM32\CRYPTBASE.dll
0x00007fffbf5a0000 - 0x00007fffbf5db000 	C:\WINDOWS\SYSTEM32\IPHLPAPI.DLL
0x00007fffc2df0000 - 0x00007fffc2df8000 	C:\WINDOWS\System32\NSI.dll
0x00007fffb9060000 - 0x00007fffb9070000 	C:\Program Files\Java\jdk-25.0.2\bin\verify.dll
0x00007fffb8ec0000 - 0x00007fffb8ec9000 	C:\Program Files\Java\jdk-25.0.2\bin\extnet.dll
0x00007fffbf5e0000 - 0x00007fffbf6aa000 	C:\WINDOWS\SYSTEM32\DNSAPI.dll
0x00007fffb0e50000 - 0x00007fffb0e5a000 	C:\Windows\System32\rasadhlp.dll
0x00007fffb1120000 - 0x00007fffb11a0000 	C:\WINDOWS\System32\fwpuclnt.dll
0x00007fffb8e40000 - 0x00007fffb8e4e000 	C:\Program Files\Java\jdk-25.0.2\bin\sunmscapi.dll
0x00007fffc0970000 - 0x00007fffc0acd000 	C:\WINDOWS\System32\CRYPT32.dll
0x00007fffbfbd0000 - 0x00007fffbfbf7000 	C:\WINDOWS\SYSTEM32\ncrypt.dll
0x00007fffbfb90000 - 0x00007fffbfbcb000 	C:\WINDOWS\SYSTEM32\NTASN1.dll
0x00007fff9f000000 - 0x00007fff9f007000 	C:\WINDOWS\system32\wshunix.dll

JVMTI agents: none

dbghelp: loaded successfully - version: 4.0.5 - missing functions: none
symbol engine: initialized successfully - sym options: 0x614 - pdb path: .;C:\Program Files\Java\jdk-25.0.2\bin;C:\WINDOWS\SYSTEM32;C:\WINDOWS\WinSxS\amd64_microsoft.windows.common-controls_6595b64144ccf1df_6.0.19041.6456_none_60b8a6cb71f64256;C:\Program Files\Java\jdk-25.0.2\bin\server

VM Arguments:
java_command: C:\Users\Admin\AppData\Local\Temp\surefire2400974857413806833\surefirebooter-20260501213837049_3.jar C:\Users\Admin\AppData\Local\Temp\surefire2400974857413806833 2026-05-01T21-38-32_530-jvmRun1 surefire-20260501213837049_1tmp surefire_0-20260501213837049_2tmp
java_class_path (initial): C:\Users\Admin\AppData\Local\Temp\surefire2400974857413806833\surefirebooter-20260501213837049_3.jar
Launcher Type: SUN_STANDARD

[Global flags]
     intx CICompilerCount                          = 3                                         {product} {ergonomic}
     uint ConcGCThreads                            = 1                                         {product} {ergonomic}
     uint G1ConcRefinementThreads                  = 4                                         {product} {ergonomic}
   size_t G1HeapRegionSize                         = 1048576                                   {product} {ergonomic}
   size_t InitialHeapSize                          = 67108864                                  {product} {ergonomic}
   size_t MarkStackSize                            = 4194304                                   {product} {ergonomic}
   size_t MarkStackSizeMax                         = 536870912                                 {product} {ergonomic}
   size_t MaxHeapSize                              = 1050673152                                {product} {ergonomic}
   size_t MaxNewSize                               = 630194176                                 {product} {ergonomic}
   size_t MinHeapDeltaBytes                        = 1048576                                   {product} {ergonomic}
   size_t MinHeapSize                              = 8388608                                   {product} {ergonomic}
    uintx NonNMethodCodeHeapSize                   = 5832704                                {pd product} {ergonomic}
    uintx NonProfiledCodeHeapSize                  = 122945536                              {pd product} {ergonomic}
    uintx ProfiledCodeHeapSize                     = 122880000                              {pd product} {ergonomic}
    uintx ReservedCodeCacheSize                    = 251658240                              {pd product} {ergonomic}
     bool SegmentedCodeCache                       = true                                      {product} {ergonomic}
   size_t SoftMaxHeapSize                          = 1050673152                             {manageable} {ergonomic}
     bool UseCompressedOops                        = true                           {product lp64_product} {ergonomic}
     bool UseG1GC                                  = true                                      {product} {ergonomic}
     bool UseLargePagesIndividualAllocation        = false                                  {pd product} {ergonomic}

Logging:
Log output configuration:
 #0: stdout all=warning uptime,level,tags foldmultilines=false
 #1: stderr all=off uptime,level,tags foldmultilines=false

Release file:
IMPLEMENTOR="Oracle Corporation" 
JAVA_RUNTIME_VERSION="25.0.2+10-LTS-69" 
JAVA_VERSION="25.0.2" 
JAVA_VERSION_DATE="2026-01-20" 
LIBC="default" 
MODULES="java.base java.compiler java.datatransfer java.xml java.prefs java.desktop java.instrument java.logging java.management java.security.sasl java.naming java.rmi java.management.rmi java.net.http java.scripting java.security.jgss java.transaction.xa java.sql java.sql.rowset java.xml.crypto java.se java.smartcardio jdk.accessibility jdk.internal.jvmstat jdk.attach jdk.charsets jdk.internal.opt jdk.zipfs jdk.compiler jdk.crypto.cryptoki jdk.crypto.ec jdk.crypto.mscapi jdk.dynalink jdk.internal.ed jdk.editpad jdk.internal.vm.ci jdk.graal.compiler jdk.graal.compiler.management jdk.hotspot.agent jdk.httpserver jdk.incubator.vector jdk.internal.le jdk.internal.md jdk.jartool jdk.javadoc jdk.jcmd jdk.management jdk.management.agent jdk.jconsole jdk.jdeps jdk.jdwp.agent jdk.jdi jdk.jfr jdk.jlink jdk.jpackage jdk.jshell jdk.jsobject jdk.jstatd jdk.localedata jdk.management.jfr jdk.naming.dns jdk.naming.rmi jdk.net jdk.nio.mapmode jdk.sctp jdk.security.auth jdk.security.jgss jdk.unsupported jdk.unsupported.desktop jdk.xml.dom" 
OS_ARCH="x86_64" 
OS_NAME="Windows" 
SOURCE=".:git:b75efb40c93a open:git:405a5699ebd0" 

Environment Variables:
PATH=C:\Program Files (x86)\Google\Chrome\Application;C:\Program Files\Common Files\Oracle\Java\javapath;C:\WINDOWS\system32;C:\WINDOWS;C:\WINDOWS\System32\Wbem;C:\WINDOWS\System32\WindowsPowerShell\v1.0\;C:\WINDOWS\System32\OpenSSH\;C:\Program Files\TortoiseSVN\bin;C:\Program Files\Git\cmd;C:\Program Files\dotnet\;C:\Users\Admin\AppData\Local\Microsoft\WindowsApps;C:\Users\Admin\AppData\Local\JetBrains\Toolbox\scripts;C:\Users\Admin\AppData\Local\GitHubDesktop\bin;C:\Users\Admin\AppData\Roaming\Microsoft\Windows\Start Menu\Programs\GitHub, Inc;
USERNAME=Admin
OS=Windows_NT
PROCESSOR_IDENTIFIER=Intel64 Family 6 Model 69 Stepping 1, GenuineIntel
TMP=C:\Users\Admin\AppData\Local\Temp
TEMP=C:\Users\Admin\AppData\Local\Temp




Compilation memory statistics disabled.

Periodic native trim disabled

---------------  S Y S T E M  ---------------

OS:
 Windows 10 , 64 bit Build 19041 (10.0.19041.5915)
OS uptime: 16 days 4:31 hours

CPU: total 4 (initial active 4) (2 cores per cpu, 2 threads per core) family 6 model 69 stepping 1 microcode 0x25, cx8, cmov, fxsr, ht, mmx, sse, sse2, sse3, ssse3, sse4.1, sse4.2, popcnt, lzcnt, tsc, tscinvbit, avx, avx2, aes, erms, clmul, bmi1, bmi2, fma, vzeroupper, clflush, rdtscp, f16c
Processor Information for the first 4 processors :
  Max Mhz: 1700, Current Mhz: 1700, Mhz Limit: 1700

Memory: 4k page, system-wide physical 4000M (15M free)
TotalPageFile size 16288M (AvailPageFile size 0M)
current process WorkingSet (physical memory assigned to process): 42M, peak: 130M
current process commit charge ("private bytes"): 175M, peak: 203M

vm_info: Java HotSpot(TM) 64-Bit Server VM (25.0.2+10-LTS-69) for windows-amd64 JRE (25.0.2+10-LTS-69), built on 2025-12-18T11:36:35Z with MS VC++ 17.13 (VS2022)

END.
